// Jest Snapshot v1, https://goo.gl/fbAQLP

exports[`Page All Artists  renders App 1`] = `
<DocumentFragment>
  <div>
    <title>
      Light
    </title>
    <div
      class="black-box"
      date-testid="  Red, Green, yellow"
    >
      <div
        class="light red"
      />
      <div
        class="light inactive"
      />
      <div
        class="light inactive"
      />
      Red
    </div>
  </div>
</DocumentFragment>
`;
